// Jest Snapshot v1, https://goo.gl/fbAQLP

exports[`<FooterLinks /> should match to snapshot 1`] = `
<nav>
  <h2
    class="chakra-heading css-1chae5f"
  >
    Redes Sociais
  </h2>
  <ul
    class="css-119xfik"
    role="list"
  >
    <a
      href="/#"
      rel="noreferrer noopener"
    >
      <li
        aria-label="description1"
        class="css-8xctvb"
        role="listitem"
      >
        description1
      </li>
    </a>
    <a
      href="/#"
      rel="noreferrer noopener"
    >
      <li
        aria-label="description2"
        class="css-8xctvb"
        role="listitem"
      >
        description2
      </li>
    </a>
  </ul>
</nav>
`;
