// Jest Snapshot v1, https://goo.gl/fbAQLP

exports[`<CardInfo /> should match to snapshot 1`] = `
<div
  class="css-0"
>
  <p
    class="chakra-text css-k2gyu4"
  >
    angels
  </p>
  <div
    class="chakra-stack css-84zodg"
  >
    <p
      class="chakra-text css-1jtvb9"
    >
      neverland
    </p>
    <span>
      Children
    </span>
  </div>
</div>
`;
